signData: vnp_Amount=5000000&vnp_Command=pay&vnp_CreateDate=20230101120000&vnp_CurrCode=VND&vnp_IpAddr=127.0.0.1&vnp_Locale=vn&vnp_OrderInfo=Thanh+toan+don+hang&vnp_OrderType=other&vnp_ReturnUrl=https%3A%2F%2Fsandbox.vnpayment.vn%2Fapis%2Fdocs%2Fhuong-dan-tich-hop%2F%23returnurl&vnp_TmnCode=4K175GIS&vnp_TxnRef=123456&vnp_Version=2.1.0
signed: afb5a127fc39ead8801e6d946a69d620e66d128d063ab8d74a23de3e95656db0522ae6629b53796be7698a6b0ff611bb88f749dbddf01be0b74f58f371319cb1
